// Jest Snapshot v1, https://goo.gl/fbAQLP

exports[`should render ExpenseList with empty message 1`] = `
<div>
  <p>
    no expenses
  </p>
</div>
`;

exports[`should render ExpenseList with expenses 1`] = `
<div>
  <Connect(ExpenseListItem)
    amount={195}
    createdAt={0}
    description="candy"
    id={1}
    key="1"
  />
  <Connect(ExpenseListItem)
    amount={109500}
    createdAt={-345600000}
    description="rent"
    id={2}
    key="2"
  />
  <Connect(ExpenseListItem)
    amount={4500}
    createdAt={345600000}
    description="credit card"
    id={3}
    key="3"
  />
</div>
`;
