// Jest Snapshot v1, https://goo.gl/fbAQLP

exports[`should render ExpenseListItem correctly 1`] = `
<div>
  <h3>
    <Link
      replace={false}
      to="/edit/1"
    >
      candy
    </Link>
  </h3>
  <p>
    $1.95
     ~
     
    December 31st, 1969
  </p>
  <button
    onClick={[Function]}
  >
    Remove
  </button>
</div>
`;
